  Determining projects to restore...
C:\Users\Aniket\.gemini\antigravity\scratch\enterprise_auth_system\backend\EnterpriseAuth.UnitTests\EnterpriseAuth.UnitTests.csproj : warning NU1903: Package 'Azure.Identity' 1.7.0 has a known high severity vulnerability, https://github.com/advisories/GHSA-5mfx-4wcx-rv27
C:\Users\Aniket\.gemini\antigravity\scratch\enterprise_auth_system\backend\EnterpriseAuth.UnitTests\EnterpriseAuth.UnitTests.csproj : warning NU1902: Package 'Azure.Identity' 1.7.0 has a known moderate severity vulnerability, https://github.com/advisories/GHSA-m5vv-6r4h-3vj9
C:\Users\Aniket\.gemini\antigravity\scratch\enterprise_auth_system\backend\EnterpriseAuth.UnitTests\EnterpriseAuth.UnitTests.csproj : warning NU1902: Package 'Azure.Identity' 1.7.0 has a known moderate severity vulnerability, https://github.com/advisories/GHSA-wvxc-855f-jvrv
C:\Users\Aniket\.gemini\antigravity\scratch\enterprise_auth_system\backend\EnterpriseAuth.UnitTests\EnterpriseAuth.UnitTests.csproj : warning NU1903: Package 'Microsoft.Data.SqlClient' 5.1.1 has a known high severity vulnerability, https://github.com/advisories/GHSA-98g6-xh36-x2p7
C:\Users\Aniket\.gemini\antigravity\scratch\enterprise_auth_system\backend\EnterpriseAuth.UnitTests\EnterpriseAuth.UnitTests.csproj : warning NU1902: Package 'Microsoft.IdentityModel.JsonWebTokens' 7.0.3 has a known moderate severity vulnerability, https://github.com/advisories/GHSA-59j7-ghrg-fj52
C:\Users\Aniket\.gemini\antigravity\scratch\enterprise_auth_system\backend\EnterpriseAuth.UnitTests\EnterpriseAuth.UnitTests.csproj : warning NU1903: Package 'Npgsql' 8.0.0 has a known high severity vulnerability, https://github.com/advisories/GHSA-x9vc-6hfv-hg8c
C:\Users\Aniket\.gemini\antigravity\scratch\enterprise_auth_system\backend\EnterpriseAuth.UnitTests\EnterpriseAuth.UnitTests.csproj : warning NU1902: Package 'System.IdentityModel.Tokens.Jwt' 7.0.3 has a known moderate severity vulnerability, https://github.com/advisories/GHSA-59j7-ghrg-fj52
  All projects are up-to-date for restore.
C:\Users\Aniket\.gemini\antigravity\scratch\enterprise_auth_system\backend\EnterpriseAuth.UnitTests\EnterpriseAuth.UnitTests.csproj : warning NU1903: Package 'Azure.Identity' 1.7.0 has a known high severity vulnerability, https://github.com/advisories/GHSA-5mfx-4wcx-rv27
C:\Users\Aniket\.gemini\antigravity\scratch\enterprise_auth_system\backend\EnterpriseAuth.UnitTests\EnterpriseAuth.UnitTests.csproj : warning NU1902: Package 'Azure.Identity' 1.7.0 has a known moderate severity vulnerability, https://github.com/advisories/GHSA-m5vv-6r4h-3vj9
C:\Users\Aniket\.gemini\antigravity\scratch\enterprise_auth_system\backend\EnterpriseAuth.UnitTests\EnterpriseAuth.UnitTests.csproj : warning NU1902: Package 'Azure.Identity' 1.7.0 has a known moderate severity vulnerability, https://github.com/advisories/GHSA-wvxc-855f-jvrv
C:\Users\Aniket\.gemini\antigravity\scratch\enterprise_auth_system\backend\EnterpriseAuth.UnitTests\EnterpriseAuth.UnitTests.csproj : warning NU1903: Package 'Microsoft.Data.SqlClient' 5.1.1 has a known high severity vulnerability, https://github.com/advisories/GHSA-98g6-xh36-x2p7
C:\Users\Aniket\.gemini\antigravity\scratch\enterprise_auth_system\backend\EnterpriseAuth.UnitTests\EnterpriseAuth.UnitTests.csproj : warning NU1902: Package 'Microsoft.IdentityModel.JsonWebTokens' 7.0.3 has a known moderate severity vulnerability, https://github.com/advisories/GHSA-59j7-ghrg-fj52
C:\Users\Aniket\.gemini\antigravity\scratch\enterprise_auth_system\backend\EnterpriseAuth.UnitTests\EnterpriseAuth.UnitTests.csproj : warning NU1903: Package 'Npgsql' 8.0.0 has a known high severity vulnerability, https://github.com/advisories/GHSA-x9vc-6hfv-hg8c
C:\Users\Aniket\.gemini\antigravity\scratch\enterprise_auth_system\backend\EnterpriseAuth.UnitTests\EnterpriseAuth.UnitTests.csproj : warning NU1902: Package 'System.IdentityModel.Tokens.Jwt' 7.0.3 has a known moderate severity vulnerability, https://github.com/advisories/GHSA-59j7-ghrg-fj52
  EnterpriseAuth.Api -> C:\Users\Aniket\.gemini\antigravity\scratch\enterprise_auth_system\backend\EnterpriseAuth.Api\bin\Debug\net8.0\EnterpriseAuth.Api.dll
  EnterpriseAuth.UnitTests -> C:\Users\Aniket\.gemini\antigravity\scratch\enterprise_auth_system\backend\EnterpriseAuth.UnitTests\bin\Debug\net10.0\EnterpriseAuth.UnitTests.dll

Build succeeded.

C:\Users\Aniket\.gemini\antigravity\scratch\enterprise_auth_system\backend\EnterpriseAuth.UnitTests\EnterpriseAuth.UnitTests.csproj : warning NU1903: Package 'Azure.Identity' 1.7.0 has a known high severity vulnerability, https://github.com/advisories/GHSA-5mfx-4wcx-rv27
C:\Users\Aniket\.gemini\antigravity\scratch\enterprise_auth_system\backend\EnterpriseAuth.UnitTests\EnterpriseAuth.UnitTests.csproj : warning NU1902: Package 'Azure.Identity' 1.7.0 has a known moderate severity vulnerability, https://github.com/advisories/GHSA-m5vv-6r4h-3vj9
C:\Users\Aniket\.gemini\antigravity\scratch\enterprise_auth_system\backend\EnterpriseAuth.UnitTests\EnterpriseAuth.UnitTests.csproj : warning NU1902: Package 'Azure.Identity' 1.7.0 has a known moderate severity vulnerability, https://github.com/advisories/GHSA-wvxc-855f-jvrv
C:\Users\Aniket\.gemini\antigravity\scratch\enterprise_auth_system\backend\EnterpriseAuth.UnitTests\EnterpriseAuth.UnitTests.csproj : warning NU1903: Package 'Microsoft.Data.SqlClient' 5.1.1 has a known high severity vulnerability, https://github.com/advisories/GHSA-98g6-xh36-x2p7
C:\Users\Aniket\.gemini\antigravity\scratch\enterprise_auth_system\backend\EnterpriseAuth.UnitTests\EnterpriseAuth.UnitTests.csproj : warning NU1902: Package 'Microsoft.IdentityModel.JsonWebTokens' 7.0.3 has a known moderate severity vulnerability, https://github.com/advisories/GHSA-59j7-ghrg-fj52
C:\Users\Aniket\.gemini\antigravity\scratch\enterprise_auth_system\backend\EnterpriseAuth.UnitTests\EnterpriseAuth.UnitTests.csproj : warning NU1903: Package 'Npgsql' 8.0.0 has a known high severity vulnerability, https://github.com/advisories/GHSA-x9vc-6hfv-hg8c
C:\Users\Aniket\.gemini\antigravity\scratch\enterprise_auth_system\backend\EnterpriseAuth.UnitTests\EnterpriseAuth.UnitTests.csproj : warning NU1902: Package 'System.IdentityModel.Tokens.Jwt' 7.0.3 has a known moderate severity vulnerability, https://github.com/advisories/GHSA-59j7-ghrg-fj52
C:\Users\Aniket\.gemini\antigravity\scratch\enterprise_auth_system\backend\EnterpriseAuth.UnitTests\EnterpriseAuth.UnitTests.csproj : warning NU1903: Package 'Azure.Identity' 1.7.0 has a known high severity vulnerability, https://github.com/advisories/GHSA-5mfx-4wcx-rv27
C:\Users\Aniket\.gemini\antigravity\scratch\enterprise_auth_system\backend\EnterpriseAuth.UnitTests\EnterpriseAuth.UnitTests.csproj : warning NU1902: Package 'Azure.Identity' 1.7.0 has a known moderate severity vulnerability, https://github.com/advisories/GHSA-m5vv-6r4h-3vj9
C:\Users\Aniket\.gemini\antigravity\scratch\enterprise_auth_system\backend\EnterpriseAuth.UnitTests\EnterpriseAuth.UnitTests.csproj : warning NU1902: Package 'Azure.Identity' 1.7.0 has a known moderate severity vulnerability, https://github.com/advisories/GHSA-wvxc-855f-jvrv
C:\Users\Aniket\.gemini\antigravity\scratch\enterprise_auth_system\backend\EnterpriseAuth.UnitTests\EnterpriseAuth.UnitTests.csproj : warning NU1903: Package 'Microsoft.Data.SqlClient' 5.1.1 has a known high severity vulnerability, https://github.com/advisories/GHSA-98g6-xh36-x2p7
C:\Users\Aniket\.gemini\antigravity\scratch\enterprise_auth_system\backend\EnterpriseAuth.UnitTests\EnterpriseAuth.UnitTests.csproj : warning NU1902: Package 'Microsoft.IdentityModel.JsonWebTokens' 7.0.3 has a known moderate severity vulnerability, https://github.com/advisories/GHSA-59j7-ghrg-fj52
C:\Users\Aniket\.gemini\antigravity\scratch\enterprise_auth_system\backend\EnterpriseAuth.UnitTests\EnterpriseAuth.UnitTests.csproj : warning NU1903: Package 'Npgsql' 8.0.0 has a known high severity vulnerability, https://github.com/advisories/GHSA-x9vc-6hfv-hg8c
C:\Users\Aniket\.gemini\antigravity\scratch\enterprise_auth_system\backend\EnterpriseAuth.UnitTests\EnterpriseAuth.UnitTests.csproj : warning NU1902: Package 'System.IdentityModel.Tokens.Jwt' 7.0.3 has a known moderate severity vulnerability, https://github.com/advisories/GHSA-59j7-ghrg-fj52
    14 Warning(s)
    0 Error(s)

Time Elapsed 00:00:02.42
