C:\Program Files\dotnet\sdk\10.0.103\Microsoft.Common.CurrentVersion.targets(5381,5): error MSB3027: Could not copy "C:\Users\Aniket\.gemini\antigravity\scratch\enterprise_auth_system\backend\EnterpriseAuth.Api\obj\Debug\net8.0\apphost.exe" to "bin\Debug\net8.0\EnterpriseAuth.Api.exe". Exceeded retry count of 10. Failed. The file is locked by: "EnterpriseAuth.Api (16324)" [C:\Users\Aniket\.gemini\antigravity\scratch\enterprise_auth_system\backend\EnterpriseAuth.Api\EnterpriseAuth.Api.csproj]
C:\Program Files\dotnet\sdk\10.0.103\Microsoft.Common.CurrentVersion.targets(5381,5): error MSB3021: Unable to copy file "C:\Users\Aniket\.gemini\antigravity\scratch\enterprise_auth_system\backend\EnterpriseAuth.Api\obj\Debug\net8.0\apphost.exe" to "bin\Debug\net8.0\EnterpriseAuth.Api.exe". The process cannot access the file 'C:\Users\Aniket\.gemini\antigravity\scratch\enterprise_auth_system\backend\EnterpriseAuth.Api\bin\Debug\net8.0\EnterpriseAuth.Api.exe' because it is being used by another process. [C:\Users\Aniket\.gemini\antigravity\scratch\enterprise_auth_system\backend\EnterpriseAuth.Api\EnterpriseAuth.Api.csproj]

Build FAILED.
    10 Warning(s)
    2 Error(s)

Time Elapsed 00:00:13.94
