  Determining projects to restore...
C:\Users\Aniket\.gemini\antigravity\scratch\enterprise_auth_system\backend\EnterpriseAuth.UnitTests\EnterpriseAuth.UnitTests.csproj : warning NU1903: Package 'Azure.Identity' 1.7.0 has a known high severity vulnerability, https://github.com/advisories/GHSA-5mfx-4wcx-rv27
C:\Users\Aniket\.gemini\antigravity\scratch\enterprise_auth_system\backend\EnterpriseAuth.UnitTests\EnterpriseAuth.UnitTests.csproj : warning NU1902: Package 'Azure.Identity' 1.7.0 has a known moderate severity vulnerability, https://github.com/advisories/GHSA-m5vv-6r4h-3vj9
C:\Users\Aniket\.gemini\antigravity\scratch\enterprise_auth_system\backend\EnterpriseAuth.UnitTests\EnterpriseAuth.UnitTests.csproj : warning NU1902: Package 'Azure.Identity' 1.7.0 has a known moderate severity vulnerability, https://github.com/advisories/GHSA-wvxc-855f-jvrv
C:\Users\Aniket\.gemini\antigravity\scratch\enterprise_auth_system\backend\EnterpriseAuth.UnitTests\EnterpriseAuth.UnitTests.csproj : warning NU1903: Package 'Microsoft.Data.SqlClient' 5.1.1 has a known high severity vulnerability, https://github.com/advisories/GHSA-98g6-xh36-x2p7
C:\Users\Aniket\.gemini\antigravity\scratch\enterprise_auth_system\backend\EnterpriseAuth.UnitTests\EnterpriseAuth.UnitTests.csproj : warning NU1902: Package 'Microsoft.IdentityModel.JsonWebTokens' 7.0.3 has a known moderate severity vulnerability, https://github.com/advisories/GHSA-59j7-ghrg-fj52
C:\Users\Aniket\.gemini\antigravity\scratch\enterprise_auth_system\backend\EnterpriseAuth.UnitTests\EnterpriseAuth.UnitTests.csproj : warning NU1903: Package 'Npgsql' 8.0.0 has a known high severity vulnerability, https://github.com/advisories/GHSA-x9vc-6hfv-hg8c
C:\Users\Aniket\.gemini\antigravity\scratch\enterprise_auth_system\backend\EnterpriseAuth.UnitTests\EnterpriseAuth.UnitTests.csproj : warning NU1902: Package 'System.IdentityModel.Tokens.Jwt' 7.0.3 has a known moderate severity vulnerability, https://github.com/advisories/GHSA-59j7-ghrg-fj52
  All projects are up-to-date for restore.
C:\Users\Aniket\.gemini\antigravity\scratch\enterprise_auth_system\backend\EnterpriseAuth.UnitTests\EnterpriseAuth.UnitTests.csproj : warning NU1903: Package 'Azure.Identity' 1.7.0 has a known high severity vulnerability, https://github.com/advisories/GHSA-5mfx-4wcx-rv27
C:\Users\Aniket\.gemini\antigravity\scratch\enterprise_auth_system\backend\EnterpriseAuth.UnitTests\EnterpriseAuth.UnitTests.csproj : warning NU1902: Package 'Azure.Identity' 1.7.0 has a known moderate severity vulnerability, https://github.com/advisories/GHSA-m5vv-6r4h-3vj9
C:\Users\Aniket\.gemini\antigravity\scratch\enterprise_auth_system\backend\EnterpriseAuth.UnitTests\EnterpriseAuth.UnitTests.csproj : warning NU1902: Package 'Azure.Identity' 1.7.0 has a known moderate severity vulnerability, https://github.com/advisories/GHSA-wvxc-855f-jvrv
C:\Users\Aniket\.gemini\antigravity\scratch\enterprise_auth_system\backend\EnterpriseAuth.UnitTests\EnterpriseAuth.UnitTests.csproj : warning NU1903: Package 'Microsoft.Data.SqlClient' 5.1.1 has a known high severity vulnerability, https://github.com/advisories/GHSA-98g6-xh36-x2p7
C:\Users\Aniket\.gemini\antigravity\scratch\enterprise_auth_system\backend\EnterpriseAuth.UnitTests\EnterpriseAuth.UnitTests.csproj : warning NU1902: Package 'Microsoft.IdentityModel.JsonWebTokens' 7.0.3 has a known moderate severity vulnerability, https://github.com/advisories/GHSA-59j7-ghrg-fj52
C:\Users\Aniket\.gemini\antigravity\scratch\enterprise_auth_system\backend\EnterpriseAuth.UnitTests\EnterpriseAuth.UnitTests.csproj : warning NU1903: Package 'Npgsql' 8.0.0 has a known high severity vulnerability, https://github.com/advisories/GHSA-x9vc-6hfv-hg8c
C:\Users\Aniket\.gemini\antigravity\scratch\enterprise_auth_system\backend\EnterpriseAuth.UnitTests\EnterpriseAuth.UnitTests.csproj : warning NU1902: Package 'System.IdentityModel.Tokens.Jwt' 7.0.3 has a known moderate severity vulnerability, https://github.com/advisories/GHSA-59j7-ghrg-fj52
  EnterpriseAuth.Api -> C:\Users\Aniket\.gemini\antigravity\scratch\enterprise_auth_system\backend\EnterpriseAuth.Api\bin\Debug\net8.0\EnterpriseAuth.Api.dll
  EnterpriseAuth.UnitTests -> C:\Users\Aniket\.gemini\antigravity\scratch\enterprise_auth_system\backend\EnterpriseAuth.UnitTests\bin\Debug\net10.0\EnterpriseAuth.UnitTests.dll
Test run for C:\Users\Aniket\.gemini\antigravity\scratch\enterprise_auth_system\backend\EnterpriseAuth.UnitTests\bin\Debug\net10.0\EnterpriseAuth.UnitTests.dll (.NETCoreApp,Version=v10.0)
VSTest version 18.0.1 (x64)

Starting test execution, please wait...
A total of 1 test files matched the specified pattern.
  Failed EnterpriseAuth.UnitTests.SyncCalculatedDataTests.PushUpdates_OverwriteSync_ResetsManufacturedQuantity_CurrentBehavior [304 ms]
  Error Message:
   System.MissingMethodException : Method not found: 'System.String Microsoft.EntityFrameworkCore.Diagnostics.AbstractionsStrings.ArgumentIsEmpty(System.Object)'.
  Stack Trace:
     at Microsoft.EntityFrameworkCore.Utilities.Check.NullButNotEmpty(String value, String parameterName)
   at Microsoft.EntityFrameworkCore.Utilities.Check.NullButNotEmpty(String value, String parameterName)
   at Microsoft.EntityFrameworkCore.RelationalEntityTypeBuilderExtensions.ToTable(EntityTypeBuilder entityTypeBuilder, String name)
   at Microsoft.EntityFrameworkCore.RelationalEntityTypeBuilderExtensions.ToTable[TEntity](EntityTypeBuilder`1 entityTypeBuilder, String name)
   at EnterpriseAuth.Api.Infrastructure.Persistence.ScanProductionDbContext.<>c.<OnModelCreating>b__17_1(EntityTypeBuilder`1 entity) in C:\Users\Aniket\.gemini\antigravity\scratch\enterprise_auth_system\backend\EnterpriseAuth.Api\Infrastructure\Persistence\ScanProductionDbContext.cs:line 27
   at Microsoft.EntityFrameworkCore.ModelBuilder.Entity[TEntity](Action`1 buildAction)
   at EnterpriseAuth.Api.Infrastructure.Persistence.ScanProductionDbContext.OnModelCreating(ModelBuilder modelBuilder) in C:\Users\Aniket\.gemini\antigravity\scratch\enterprise_auth_system\backend\EnterpriseAuth.Api\Infrastructure\Persistence\ScanProductionDbContext.cs:line 25
   at Microsoft.EntityFrameworkCore.Infrastructure.ModelCustomizer.Customize(ModelBuilder modelBuilder, DbContext context)
   at Microsoft.EntityFrameworkCore.Infrastructure.ModelSource.CreateModel(DbContext context, IConventionSetBuilder conventionSetBuilder, ModelDependencies modelDependencies)
   at Microsoft.EntityFrameworkCore.Infrastructure.ModelSource.CreateModel(DbContext context, ModelCreationDependencies modelCreationDependencies, Boolean designTime)
   at Microsoft.EntityFrameworkCore.Infrastructure.ModelSource.GetModel(DbContext context, ModelCreationDependencies modelCreationDependencies, Boolean designTime)
   at Microsoft.EntityFrameworkCore.Internal.DbContextServices.CreateModel(Boolean designTime)
   at Microsoft.EntityFrameworkCore.Internal.DbContextServices.get_Model()
   at Microsoft.EntityFrameworkCore.Infrastructure.EntityFrameworkServicesBuilder.<>c.<TryAddCoreServices>b__8_4(IServiceProvider p)
   at Microsoft.Extensions.DependencyInjection.ServiceLookup.CallSiteRuntimeResolver.VisitFactory(FactoryCallSite factoryCallSite, RuntimeResolverContext context)
   at Microsoft.Extensions.DependencyInjection.ServiceLookup.CallSiteVisitor`2.VisitCallSiteMain(ServiceCallSite callSite, TArgument argument)
   at Microsoft.Extensions.DependencyInjection.ServiceLookup.CallSiteRuntimeResolver.VisitCache(ServiceCallSite callSite, RuntimeResolverContext context, ServiceProviderEngineScope serviceProviderEngine, RuntimeResolverLock lockType)
   at Microsoft.Extensions.DependencyInjection.ServiceLookup.CallSiteRuntimeResolver.VisitScopeCache(ServiceCallSite callSite, RuntimeResolverContext context)
   at Microsoft.Extensions.DependencyInjection.ServiceLookup.CallSiteVisitor`2.VisitCallSite(ServiceCallSite callSite, TArgument argument)
   at Microsoft.Extensions.DependencyInjection.ServiceLookup.CallSiteRuntimeResolver.VisitConstructor(ConstructorCallSite constructorCallSite, RuntimeResolverContext context)
   at Microsoft.Extensions.DependencyInjection.ServiceLookup.CallSiteVisitor`2.VisitCallSiteMain(ServiceCallSite callSite, TArgument argument)
   at Microsoft.Extensions.DependencyInjection.ServiceLookup.CallSiteRuntimeResolver.VisitCache(ServiceCallSite callSite, RuntimeResolverContext context, ServiceProviderEngineScope serviceProviderEngine, RuntimeResolverLock lockType)
   at Microsoft.Extensions.DependencyInjection.ServiceLookup.CallSiteRuntimeResolver.VisitScopeCache(ServiceCallSite callSite, RuntimeResolverContext context)
   at Microsoft.Extensions.DependencyInjection.ServiceLookup.CallSiteVisitor`2.VisitCallSite(ServiceCallSite callSite, TArgument argument)
   at Microsoft.Extensions.DependencyInjection.ServiceLookup.CallSiteRuntimeResolver.VisitConstructor(ConstructorCallSite constructorCallSite, RuntimeResolverContext context)
   at Microsoft.Extensions.DependencyInjection.ServiceLookup.CallSiteVisitor`2.VisitCallSiteMain(ServiceCallSite callSite, TArgument argument)
   at Microsoft.Extensions.DependencyInjection.ServiceLookup.CallSiteRuntimeResolver.VisitCache(ServiceCallSite callSite, RuntimeResolverContext context, ServiceProviderEngineScope serviceProviderEngine, RuntimeResolverLock lockType)
   at Microsoft.Extensions.DependencyInjection.ServiceLookup.CallSiteRuntimeResolver.VisitScopeCache(ServiceCallSite callSite, RuntimeResolverContext context)
   at Microsoft.Extensions.DependencyInjection.ServiceLookup.CallSiteVisitor`2.VisitCallSite(ServiceCallSite callSite, TArgument argument)
   at Microsoft.Extensions.DependencyInjection.ServiceLookup.CallSiteRuntimeResolver.VisitConstructor(ConstructorCallSite constructorCallSite, RuntimeResolverContext context)
   at Microsoft.Extensions.DependencyInjection.ServiceLookup.CallSiteVisitor`2.VisitCallSiteMain(ServiceCallSite callSite, TArgument argument)
   at Microsoft.Extensions.DependencyInjection.ServiceLookup.CallSiteRuntimeResolver.VisitCache(ServiceCallSite callSite, RuntimeResolverContext context, ServiceProviderEngineScope serviceProviderEngine, RuntimeResolverLock lockType)
   at Microsoft.Extensions.DependencyInjection.ServiceLookup.CallSiteRuntimeResolver.VisitScopeCache(ServiceCallSite callSite, RuntimeResolverContext context)
   at Microsoft.Extensions.DependencyInjection.ServiceLookup.CallSiteVisitor`2.VisitCallSite(ServiceCallSite callSite, TArgument argument)
   at Microsoft.Extensions.DependencyInjection.ServiceLookup.CallSiteRuntimeResolver.VisitConstructor(ConstructorCallSite constructorCallSite, RuntimeResolverContext context)
   at Microsoft.Extensions.DependencyInjection.ServiceLookup.CallSiteVisitor`2.VisitCallSiteMain(ServiceCallSite callSite, TArgument argument)
   at Microsoft.Extensions.DependencyInjection.ServiceLookup.CallSiteRuntimeResolver.VisitCache(ServiceCallSite callSite, RuntimeResolverContext context, ServiceProviderEngineScope serviceProviderEngine, RuntimeResolverLock lockType)
   at Microsoft.Extensions.DependencyInjection.ServiceLookup.CallSiteRuntimeResolver.VisitScopeCache(ServiceCallSite callSite, RuntimeResolverContext context)
   at Microsoft.Extensions.DependencyInjection.ServiceLookup.CallSiteVisitor`2.VisitCallSite(ServiceCallSite callSite, TArgument argument)
   at Microsoft.Extensions.DependencyInjection.ServiceLookup.CallSiteRuntimeResolver.VisitConstructor(ConstructorCallSite constructorCallSite, RuntimeResolverContext context)
   at Microsoft.Extensions.DependencyInjection.ServiceLookup.CallSiteVisitor`2.VisitCallSiteMain(ServiceCallSite callSite, TArgument argument)
   at Microsoft.Extensions.DependencyInjection.ServiceLookup.CallSiteRuntimeResolver.VisitCache(ServiceCallSite callSite, RuntimeResolverContext context, ServiceProviderEngineScope serviceProviderEngine, RuntimeResolverLock lockType)
   at Microsoft.Extensions.DependencyInjection.ServiceLookup.CallSiteRuntimeResolver.VisitScopeCache(ServiceCallSite callSite, RuntimeResolverContext context)
   at Microsoft.Extensions.DependencyInjection.ServiceLookup.CallSiteVisitor`2.VisitCallSite(ServiceCallSite callSite, TArgument argument)
   at Microsoft.Extensions.DependencyInjection.ServiceLookup.CallSiteRuntimeResolver.Resolve(ServiceCallSite callSite, ServiceProviderEngineScope scope)
   at Microsoft.Extensions.DependencyInjection.ServiceLookup.DynamicServiceProviderEngine.<>c__DisplayClass2_0.<RealizeService>b__0(ServiceProviderEngineScope scope)
   at Microsoft.Extensions.DependencyInjection.ServiceProvider.GetService(ServiceIdentifier serviceIdentifier, ServiceProviderEngineScope serviceProviderEngineScope)
   at Microsoft.Extensions.DependencyInjection.ServiceLookup.ServiceProviderEngineScope.GetService(Type serviceType)
   at Microsoft.Extensions.DependencyInjection.ServiceProviderServiceExtensions.GetRequiredService(IServiceProvider provider, Type serviceType)
   at Microsoft.Extensions.DependencyInjection.ServiceProviderServiceExtensions.GetRequiredService[T](IServiceProvider provider)
   at Microsoft.EntityFrameworkCore.DbContext.get_DbContextDependencies()
   at Microsoft.EntityFrameworkCore.DbContext.get_ContextServices()
   at Microsoft.EntityFrameworkCore.DbContext.get_InternalServiceProvider()
   at Microsoft.EntityFrameworkCore.DbContext.Microsoft.EntityFrameworkCore.Infrastructure.IInfrastructure<System.IServiceProvider>.get_Instance()
   at Microsoft.EntityFrameworkCore.Infrastructure.Internal.InfrastructureExtensions.GetService(IInfrastructure`1 accessor, Type serviceType)
   at Microsoft.EntityFrameworkCore.Infrastructure.Internal.InfrastructureExtensions.GetService[TService](IInfrastructure`1 accessor)
   at Microsoft.EntityFrameworkCore.Infrastructure.AccessorExtensions.GetService[TService](IInfrastructure`1 accessor)
   at Microsoft.EntityFrameworkCore.Infrastructure.DatabaseFacade.get_Dependencies()
   at Microsoft.EntityFrameworkCore.Infrastructure.DatabaseFacade.BeginTransactionAsync(CancellationToken cancellationToken)
   at EnterpriseAuth.Api.Infrastructure.Persistence.EfSyncRepository.PushUpdatesAsync(SyncPushRequestDto request) in C:\Users\Aniket\.gemini\antigravity\scratch\enterprise_auth_system\backend\EnterpriseAuth.Api\Infrastructure\Persistence\EfSyncRepository.cs:line 259
   at EnterpriseAuth.UnitTests.SyncCalculatedDataTests.PushUpdates_OverwriteSync_ResetsManufacturedQuantity_CurrentBehavior() in C:\Users\Aniket\.gemini\antigravity\scratch\enterprise_auth_system\backend\EnterpriseAuth.UnitTests\SyncCalculatedDataTests.cs:line 59
--- End of stack trace from previous location ---
  Failed EnterpriseAuth.UnitTests.SyncCalculatedDataTests.GetRefreshPackage_ShouldCalculateFromScans_DesiredBehavior [11 ms]
  Error Message:
   System.MissingMethodException : Method not found: 'System.String Microsoft.EntityFrameworkCore.Diagnostics.AbstractionsStrings.ArgumentIsEmpty(System.Object)'.
  Stack Trace:
     at Microsoft.EntityFrameworkCore.Utilities.Check.NullButNotEmpty(String value, String parameterName)
   at Microsoft.EntityFrameworkCore.Utilities.Check.NullButNotEmpty(String value, String parameterName)
   at Microsoft.EntityFrameworkCore.RelationalEntityTypeBuilderExtensions.ToTable(EntityTypeBuilder entityTypeBuilder, String name)
   at Microsoft.EntityFrameworkCore.RelationalEntityTypeBuilderExtensions.ToTable[TEntity](EntityTypeBuilder`1 entityTypeBuilder, String name)
   at EnterpriseAuth.Api.Infrastructure.Persistence.ScanProductionDbContext.<>c.<OnModelCreating>b__17_1(EntityTypeBuilder`1 entity) in C:\Users\Aniket\.gemini\antigravity\scratch\enterprise_auth_system\backend\EnterpriseAuth.Api\Infrastructure\Persistence\ScanProductionDbContext.cs:line 27
   at Microsoft.EntityFrameworkCore.ModelBuilder.Entity[TEntity](Action`1 buildAction)
   at EnterpriseAuth.Api.Infrastructure.Persistence.ScanProductionDbContext.OnModelCreating(ModelBuilder modelBuilder) in C:\Users\Aniket\.gemini\antigravity\scratch\enterprise_auth_system\backend\EnterpriseAuth.Api\Infrastructure\Persistence\ScanProductionDbContext.cs:line 25
   at Microsoft.EntityFrameworkCore.Infrastructure.ModelCustomizer.Customize(ModelBuilder modelBuilder, DbContext context)
   at Microsoft.EntityFrameworkCore.Infrastructure.ModelSource.CreateModel(DbContext context, IConventionSetBuilder conventionSetBuilder, ModelDependencies modelDependencies)
   at Microsoft.EntityFrameworkCore.Infrastructure.ModelSource.CreateModel(DbContext context, ModelCreationDependencies modelCreationDependencies, Boolean designTime)
   at Microsoft.EntityFrameworkCore.Infrastructure.ModelSource.GetModel(DbContext context, ModelCreationDependencies modelCreationDependencies, Boolean designTime)
   at Microsoft.EntityFrameworkCore.Internal.DbContextServices.CreateModel(Boolean designTime)
   at Microsoft.EntityFrameworkCore.Internal.DbContextServices.get_Model()
   at Microsoft.EntityFrameworkCore.Infrastructure.EntityFrameworkServicesBuilder.<>c.<TryAddCoreServices>b__8_4(IServiceProvider p)
   at Microsoft.Extensions.DependencyInjection.ServiceLookup.CallSiteRuntimeResolver.VisitFactory(FactoryCallSite factoryCallSite, RuntimeResolverContext context)
   at Microsoft.Extensions.DependencyInjection.ServiceLookup.CallSiteVisitor`2.VisitCallSiteMain(ServiceCallSite callSite, TArgument argument)
   at Microsoft.Extensions.DependencyInjection.ServiceLookup.CallSiteRuntimeResolver.VisitCache(ServiceCallSite callSite, RuntimeResolverContext context, ServiceProviderEngineScope serviceProviderEngine, RuntimeResolverLock lockType)
   at Microsoft.Extensions.DependencyInjection.ServiceLookup.CallSiteRuntimeResolver.VisitScopeCache(ServiceCallSite callSite, RuntimeResolverContext context)
   at Microsoft.Extensions.DependencyInjection.ServiceLookup.CallSiteVisitor`2.VisitCallSite(ServiceCallSite callSite, TArgument argument)
   at Microsoft.Extensions.DependencyInjection.ServiceLookup.CallSiteRuntimeResolver.VisitConstructor(ConstructorCallSite constructorCallSite, RuntimeResolverContext context)
   at Microsoft.Extensions.DependencyInjection.ServiceLookup.CallSiteVisitor`2.VisitCallSiteMain(ServiceCallSite callSite, TArgument argument)
   at Microsoft.Extensions.DependencyInjection.ServiceLookup.CallSiteRuntimeResolver.VisitCache(ServiceCallSite callSite, RuntimeResolverContext context, ServiceProviderEngineScope serviceProviderEngine, RuntimeResolverLock lockType)
   at Microsoft.Extensions.DependencyInjection.ServiceLookup.CallSiteRuntimeResolver.VisitScopeCache(ServiceCallSite callSite, RuntimeResolverContext context)
   at Microsoft.Extensions.DependencyInjection.ServiceLookup.CallSiteVisitor`2.VisitCallSite(ServiceCallSite callSite, TArgument argument)
   at Microsoft.Extensions.DependencyInjection.ServiceLookup.CallSiteRuntimeResolver.VisitConstructor(ConstructorCallSite constructorCallSite, RuntimeResolverContext context)
   at Microsoft.Extensions.DependencyInjection.ServiceLookup.CallSiteVisitor`2.VisitCallSiteMain(ServiceCallSite callSite, TArgument argument)
   at Microsoft.Extensions.DependencyInjection.ServiceLookup.CallSiteRuntimeResolver.VisitCache(ServiceCallSite callSite, RuntimeResolverContext context, ServiceProviderEngineScope serviceProviderEngine, RuntimeResolverLock lockType)
   at Microsoft.Extensions.DependencyInjection.ServiceLookup.CallSiteRuntimeResolver.VisitScopeCache(ServiceCallSite callSite, RuntimeResolverContext context)
   at Microsoft.Extensions.DependencyInjection.ServiceLookup.CallSiteVisitor`2.VisitCallSite(ServiceCallSite callSite, TArgument argument)
   at Microsoft.Extensions.DependencyInjection.ServiceLookup.CallSiteRuntimeResolver.VisitConstructor(ConstructorCallSite constructorCallSite, RuntimeResolverContext context)
   at Microsoft.Extensions.DependencyInjection.ServiceLookup.CallSiteVisitor`2.VisitCallSiteMain(ServiceCallSite callSite, TArgument argument)
   at Microsoft.Extensions.DependencyInjection.ServiceLookup.CallSiteRuntimeResolver.VisitCache(ServiceCallSite callSite, RuntimeResolverContext context, ServiceProviderEngineScope serviceProviderEngine, RuntimeResolverLock lockType)
   at Microsoft.Extensions.DependencyInjection.ServiceLookup.CallSiteRuntimeResolver.VisitScopeCache(ServiceCallSite callSite, RuntimeResolverContext context)
   at Microsoft.Extensions.DependencyInjection.ServiceLookup.CallSiteVisitor`2.VisitCallSite(ServiceCallSite callSite, TArgument argument)
   at Microsoft.Extensions.DependencyInjection.ServiceLookup.CallSiteRuntimeResolver.VisitConstructor(ConstructorCallSite constructorCallSite, RuntimeResolverContext context)
   at Microsoft.Extensions.DependencyInjection.ServiceLookup.CallSiteVisitor`2.VisitCallSiteMain(ServiceCallSite callSite, TArgument argument)
   at Microsoft.Extensions.DependencyInjection.ServiceLookup.CallSiteRuntimeResolver.VisitCache(ServiceCallSite callSite, RuntimeResolverContext context, ServiceProviderEngineScope serviceProviderEngine, RuntimeResolverLock lockType)
   at Microsoft.Extensions.DependencyInjection.ServiceLookup.CallSiteRuntimeResolver.VisitScopeCache(ServiceCallSite callSite, RuntimeResolverContext context)
   at Microsoft.Extensions.DependencyInjection.ServiceLookup.CallSiteVisitor`2.VisitCallSite(ServiceCallSite callSite, TArgument argument)
   at Microsoft.Extensions.DependencyInjection.ServiceLookup.CallSiteRuntimeResolver.VisitConstructor(ConstructorCallSite constructorCallSite, RuntimeResolverContext context)
   at Microsoft.Extensions.DependencyInjection.ServiceLookup.CallSiteVisitor`2.VisitCallSiteMain(ServiceCallSite callSite, TArgument argument)
   at Microsoft.Extensions.DependencyInjection.ServiceLookup.CallSiteRuntimeResolver.VisitCache(ServiceCallSite callSite, RuntimeResolverContext context, ServiceProviderEngineScope serviceProviderEngine, RuntimeResolverLock lockType)
   at Microsoft.Extensions.DependencyInjection.ServiceLookup.CallSiteRuntimeResolver.VisitScopeCache(ServiceCallSite callSite, RuntimeResolverContext context)
   at Microsoft.Extensions.DependencyInjection.ServiceLookup.CallSiteVisitor`2.VisitCallSite(ServiceCallSite callSite, TArgument argument)
   at Microsoft.Extensions.DependencyInjection.ServiceLookup.CallSiteRuntimeResolver.Resolve(ServiceCallSite callSite, ServiceProviderEngineScope scope)
   at Microsoft.Extensions.DependencyInjection.ServiceLookup.DynamicServiceProviderEngine.<>c__DisplayClass2_0.<RealizeService>b__0(ServiceProviderEngineScope scope)
   at Microsoft.Extensions.DependencyInjection.ServiceProvider.GetService(ServiceIdentifier serviceIdentifier, ServiceProviderEngineScope serviceProviderEngineScope)
   at Microsoft.Extensions.DependencyInjection.ServiceLookup.ServiceProviderEngineScope.GetService(Type serviceType)
   at Microsoft.Extensions.DependencyInjection.ServiceProviderServiceExtensions.GetRequiredService(IServiceProvider provider, Type serviceType)
   at Microsoft.Extensions.DependencyInjection.ServiceProviderServiceExtensions.GetRequiredService[T](IServiceProvider provider)
   at Microsoft.EntityFrameworkCore.DbContext.get_DbContextDependencies()
   at Microsoft.EntityFrameworkCore.DbContext.get_ContextServices()
   at Microsoft.EntityFrameworkCore.DbContext.get_InternalServiceProvider()
   at Microsoft.EntityFrameworkCore.DbContext.Microsoft.EntityFrameworkCore.Infrastructure.IInfrastructure<System.IServiceProvider>.get_Instance()
   at Microsoft.EntityFrameworkCore.Infrastructure.Internal.InfrastructureExtensions.GetService(IInfrastructure`1 accessor, Type serviceType)
   at Microsoft.EntityFrameworkCore.Infrastructure.Internal.InfrastructureExtensions.GetService[TService](IInfrastructure`1 accessor)
   at Microsoft.EntityFrameworkCore.Infrastructure.AccessorExtensions.GetService[TService](IInfrastructure`1 accessor)
   at Microsoft.EntityFrameworkCore.Infrastructure.DatabaseFacade.get_Dependencies()
   at Microsoft.EntityFrameworkCore.Infrastructure.DatabaseFacade.BeginTransactionAsync(CancellationToken cancellationToken)
   at EnterpriseAuth.Api.Infrastructure.Persistence.EfSyncRepository.PushUpdatesAsync(SyncPushRequestDto request) in C:\Users\Aniket\.gemini\antigravity\scratch\enterprise_auth_system\backend\EnterpriseAuth.Api\Infrastructure\Persistence\EfSyncRepository.cs:line 217
   at EnterpriseAuth.UnitTests.SyncCalculatedDataTests.GetRefreshPackage_ShouldCalculateFromScans_DesiredBehavior() in C:\Users\Aniket\.gemini\antigravity\scratch\enterprise_auth_system\backend\EnterpriseAuth.UnitTests\SyncCalculatedDataTests.cs:line 113
--- End of stack trace from previous location ---

Failed!  - Failed:     2, Passed:     0, Skipped:     0, Total:     2, Duration: 339 ms - EnterpriseAuth.UnitTests.dll (net10.0)
